[WARNING] 
[WARNING] Some problems were encountered while building the effective settings
[WARNING] Unrecognised tag: 'mirror' (position: START_TAG seen ...\u5e93\uff08\u5982commons-*\u3001log4j\u7b49\uff09\uff0c\u6700\u5e38\u7528\u7684\u516c\u5171\u4f9d\u8d56\u4ed3\u5e93\uff0c\u5305\u542b\u7edd\u5927\u591a\u6570\u5f00\u6e90Java\u5e93 -->\n        <mirror>... @181:17)  @ D:\Maven\apache-maven-3.9.11\conf\settings.xml, line 181, column 17
[WARNING] 
[INFO] Scanning for projects...
[INFO] 
[INFO] --------------------------< com.wzl:fitness >---------------------------
[INFO] Building fitness 0.0.1-SNAPSHOT
[INFO]   from pom.xml
[INFO] --------------------------------[ jar ]---------------------------------
[WARNING] The artifact mysql:mysql-connector-java:jar:8.0.33 has been relocated to com.mysql:mysql-connector-j:jar:8.0.33: MySQL Connector/J artifacts moved to reverse-DNS compliant Maven 2+ coordinates.
[INFO] 
[INFO] --- resources:3.3.1:resources (default-resources) @ fitness ---
[INFO] Copying 4 resources from src\main\resources to target\classes
[INFO] Copying 5 resources from src\main\resources to target\classes
[INFO] 
[INFO] --- compiler:3.11.0:compile (default-compile) @ fitness ---
[INFO] Changes detected - recompiling the module! :source
[INFO] Compiling 165 source files with javac [debug release 17] to target\classes
[INFO] /D:/AFitness/Fitness/src/main/java/com/wzl/fitness/repository/UserRepository.java: D:\AFitness\Fitness\src\main\java\com\wzl\fitness\repository\UserRepository.javaʹ�û򸲸����ѹ�ʱ�� API��
[INFO] /D:/AFitness/Fitness/src/main/java/com/wzl/fitness/repository/UserRepository.java: �й���ϸ��Ϣ, ��ʹ�� -Xlint:deprecation ���±��롣
[INFO] -------------------------------------------------------------
[WARNING] COMPILATION WARNING : 
[INFO] -------------------------------------------------------------
[WARNING] δ֪��ö�ٳ��� javax.annotation.meta.When.MAYBE
  ԭ��: �Ҳ���javax.annotation.meta.When�����ļ�
[WARNING] /D:/AFitness/Fitness/src/main/java/com/wzl/fitness/config/SecurityConfig.java:[137,40] org.springframework.security.config.annotation.web.configurers.HeadersConfigurer �е� frameOptions() �ѹ�ʱ, �ұ��Ϊ��ɾ��
[WARNING] /D:/AFitness/Fitness/src/main/java/com/wzl/fitness/service/impl/LoadRecoveryServiceImpl.java:[21,13] com.wzl.fitness.repository �е� com.wzl.fitness.repository.FitnessDataRepository �ѹ�ʱ, �ұ��Ϊ��ɾ��
[WARNING] /D:/AFitness/Fitness/src/main/java/com/wzl/fitness/service/impl/LoadRecoveryServiceImpl.java:[24,12] com.wzl.fitness.entity �е� com.wzl.fitness.entity.FitnessData �ѹ�ʱ, �ұ��Ϊ��ɾ��
[WARNING] /D:/AFitness/Fitness/src/main/java/com/wzl/fitness/service/impl/LoadRecoveryServiceImpl.java:[24,46] com.wzl.fitness.entity �е� com.wzl.fitness.entity.FitnessData �ѹ�ʱ, �ұ��Ϊ��ɾ��
[WARNING] /D:/AFitness/Fitness/src/main/java/com/wzl/fitness/service/impl/LoadRecoveryServiceImpl.java:[44,9] com.wzl.fitness.entity �е� com.wzl.fitness.entity.FitnessData �ѹ�ʱ, �ұ��Ϊ��ɾ��
[WARNING] /D:/AFitness/Fitness/src/main/java/com/wzl/fitness/service/impl/LoadRecoveryServiceImpl.java:[98,9] com.wzl.fitness.entity �е� com.wzl.fitness.entity.FitnessData �ѹ�ʱ, �ұ��Ϊ��ɾ��
[WARNING] /D:/AFitness/Fitness/src/main/java/com/wzl/fitness/service/impl/LoadRecoveryServiceImpl.java:[282,14] com.wzl.fitness.entity �е� com.wzl.fitness.entity.FitnessData �ѹ�ʱ, �ұ��Ϊ��ɾ��
[WARNING] /D:/AFitness/Fitness/src/main/java/com/wzl/fitness/service/impl/LoadRecoveryServiceImpl.java:[286,14] com.wzl.fitness.entity �е� com.wzl.fitness.entity.FitnessData �ѹ�ʱ, �ұ��Ϊ��ɾ��
[WARNING] /D:/AFitness/Fitness/src/main/java/com/wzl/fitness/service/LoadRecoveryService.java:[19,5] com.wzl.fitness.entity �е� com.wzl.fitness.entity.FitnessData �ѹ�ʱ, �ұ��Ϊ��ɾ��
[WARNING] /D:/AFitness/Fitness/src/main/java/com/wzl/fitness/service/LoadRecoveryService.java:[19,39] com.wzl.fitness.entity �е� com.wzl.fitness.entity.FitnessData �ѹ�ʱ, �ұ��Ϊ��ɾ��
[WARNING] /D:/AFitness/Fitness/src/main/java/com/wzl/fitness/repository/FitnessDataRepository.java:[25,62] com.wzl.fitness.entity �е� com.wzl.fitness.entity.FitnessData �ѹ�ʱ, �ұ��Ϊ��ɾ��
[WARNING] /D:/AFitness/Fitness/src/main/java/com/wzl/fitness/repository/FitnessDataRepository.java:[27,10] com.wzl.fitness.entity �е� com.wzl.fitness.entity.FitnessData �ѹ�ʱ, �ұ��Ϊ��ɾ��
[WARNING] /D:/AFitness/Fitness/src/main/java/com/wzl/fitness/repository/FitnessDataRepository.java:[30,10] com.wzl.fitness.entity �е� com.wzl.fitness.entity.FitnessData �ѹ�ʱ, �ұ��Ϊ��ɾ��
[WARNING] /D:/AFitness/Fitness/src/main/java/com/wzl/fitness/repository/FitnessDataRepository.java:[32,10] com.wzl.fitness.entity �е� com.wzl.fitness.entity.FitnessData �ѹ�ʱ, �ұ��Ϊ��ɾ��
[WARNING] /D:/AFitness/Fitness/src/main/java/com/wzl/fitness/repository/FitnessDataRepository.java:[34,10] com.wzl.fitness.entity �е� com.wzl.fitness.entity.FitnessData �ѹ�ʱ, �ұ��Ϊ��ɾ��
[WARNING] /D:/AFitness/Fitness/src/main/java/com/wzl/fitness/repository/FitnessDataRepository.java:[36,10] com.wzl.fitness.entity �е� com.wzl.fitness.entity.FitnessData �ѹ�ʱ, �ұ��Ϊ��ɾ��
[WARNING] /D:/AFitness/Fitness/src/main/java/com/wzl/fitness/repository/FitnessDataRepository.java:[38,5] com.wzl.fitness.entity �е� com.wzl.fitness.entity.FitnessData �ѹ�ʱ, �ұ��Ϊ��ɾ��
[WARNING] /D:/AFitness/Fitness/src/main/java/com/wzl/fitness/repository/FitnessDataRepository.java:[40,10] com.wzl.fitness.entity �е� com.wzl.fitness.entity.FitnessData �ѹ�ʱ, �ұ��Ϊ��ɾ��
[WARNING] /D:/AFitness/Fitness/src/main/java/com/wzl/fitness/repository/FitnessDataRepository.java:[42,10] com.wzl.fitness.entity �е� com.wzl.fitness.entity.FitnessData �ѹ�ʱ, �ұ��Ϊ��ɾ��
[WARNING] /D:/AFitness/Fitness/src/main/java/com/wzl/fitness/repository/FitnessDataRepository.java:[46,10] com.wzl.fitness.entity �е� com.wzl.fitness.entity.FitnessData �ѹ�ʱ, �ұ��Ϊ��ɾ��
[WARNING] /D:/AFitness/Fitness/src/main/java/com/wzl/fitness/repository/FitnessDataRepository.java:[51,10] com.wzl.fitness.entity �е� com.wzl.fitness.entity.FitnessData �ѹ�ʱ, �ұ��Ϊ��ɾ��
[WARNING] /D:/AFitness/Fitness/src/main/java/com/wzl/fitness/repository/FitnessDataRepository.java:[54,10] com.wzl.fitness.entity �е� com.wzl.fitness.entity.FitnessData �ѹ�ʱ, �ұ��Ϊ��ɾ��
[WARNING] /D:/AFitness/Fitness/src/main/java/com/wzl/fitness/repository/FitnessDataRepository.java:[57,10] com.wzl.fitness.entity �е� com.wzl.fitness.entity.FitnessData �ѹ�ʱ, �ұ��Ϊ��ɾ��
[WARNING] /D:/AFitness/Fitness/src/main/java/com/wzl/fitness/repository/FitnessDataRepository.java:[60,10] com.wzl.fitness.entity �е� com.wzl.fitness.entity.FitnessData �ѹ�ʱ, �ұ��Ϊ��ɾ��
[WARNING] /D:/AFitness/Fitness/src/main/java/com/wzl/fitness/repository/FitnessDataRepository.java:[63,10] com.wzl.fitness.entity �е� com.wzl.fitness.entity.FitnessData �ѹ�ʱ, �ұ��Ϊ��ɾ��
[WARNING] /D:/AFitness/Fitness/src/main/java/com/wzl/fitness/repository/FitnessDataRepository.java:[85,10] com.wzl.fitness.entity �е� com.wzl.fitness.entity.FitnessData �ѹ�ʱ, �ұ��Ϊ��ɾ��
[WARNING] /D:/AFitness/Fitness/src/main/java/com/wzl/fitness/repository/FitnessDataRepository.java:[90,10] com.wzl.fitness.entity �е� com.wzl.fitness.entity.FitnessData �ѹ�ʱ, �ұ��Ϊ��ɾ��
[WARNING] /D:/AFitness/Fitness/src/main/java/com/wzl/fitness/repository/FitnessDataRepository.java:[95,10] com.wzl.fitness.entity �е� com.wzl.fitness.entity.FitnessData �ѹ�ʱ, �ұ��Ϊ��ɾ��
[WARNING] /D:/AFitness/Fitness/src/main/java/com/wzl/fitness/service/FitnessDataStorageService.java:[26,19] com.wzl.fitness.repository �е� com.wzl.fitness.repository.FitnessDataRepository �ѹ�ʱ, �ұ��Ϊ��ɾ��
[WARNING] /D:/AFitness/Fitness/src/main/java/com/wzl/fitness/service/FitnessDataStorageService.java:[32,12] com.wzl.fitness.entity �е� com.wzl.fitness.entity.FitnessData �ѹ�ʱ, �ұ��Ϊ��ɾ��
[WARNING] /D:/AFitness/Fitness/src/main/java/com/wzl/fitness/service/FitnessDataStorageService.java:[32,40] com.wzl.fitness.entity �е� com.wzl.fitness.entity.FitnessData �ѹ�ʱ, �ұ��Ϊ��ɾ��
[WARNING] /D:/AFitness/Fitness/src/main/java/com/wzl/fitness/service/FitnessDataStorageService.java:[34,13] com.wzl.fitness.entity �е� com.wzl.fitness.entity.FitnessData �ѹ�ʱ, �ұ��Ϊ��ɾ��
[WARNING] /D:/AFitness/Fitness/src/main/java/com/wzl/fitness/service/FitnessDataStorageService.java:[52,17] com.wzl.fitness.entity �е� com.wzl.fitness.entity.FitnessData �ѹ�ʱ, �ұ��Ϊ��ɾ��
[WARNING] /D:/AFitness/Fitness/src/main/java/com/wzl/fitness/service/FitnessDataStorageService.java:[52,56] com.wzl.fitness.entity �е� com.wzl.fitness.entity.FitnessData �ѹ�ʱ, �ұ��Ϊ��ɾ��
[WARNING] /D:/AFitness/Fitness/src/main/java/com/wzl/fitness/service/FitnessDataStorageService.java:[54,18] com.wzl.fitness.entity �е� com.wzl.fitness.entity.FitnessData �ѹ�ʱ, �ұ��Ϊ��ɾ��
[WARNING] /D:/AFitness/Fitness/src/main/java/com/wzl/fitness/service/FitnessDataStorageService.java:[66,21] com.wzl.fitness.entity �е� com.wzl.fitness.entity.FitnessData �ѹ�ʱ, �ұ��Ϊ��ɾ��
[WARNING] /D:/AFitness/Fitness/src/main/java/com/wzl/fitness/service/FitnessDataStorageService.java:[73,17] com.wzl.fitness.entity �е� com.wzl.fitness.entity.FitnessData �ѹ�ʱ, �ұ��Ϊ��ɾ��
[WARNING] /D:/AFitness/Fitness/src/main/java/com/wzl/fitness/service/FitnessDataStorageService.java:[81,17] com.wzl.fitness.entity �е� com.wzl.fitness.entity.FitnessData �ѹ�ʱ, �ұ��Ϊ��ɾ��
[WARNING] /D:/AFitness/Fitness/src/main/java/com/wzl/fitness/service/FitnessDataStorageService.java:[85,18] com.wzl.fitness.entity �е� com.wzl.fitness.entity.FitnessData �ѹ�ʱ, �ұ��Ϊ��ɾ��
[WARNING] /D:/AFitness/Fitness/src/main/java/com/wzl/fitness/service/FitnessDataStorageService.java:[102,17] com.wzl.fitness.entity �е� com.wzl.fitness.entity.FitnessData �ѹ�ʱ, �ұ��Ϊ��ɾ��
[WARNING] /D:/AFitness/Fitness/src/main/java/com/wzl/fitness/service/FitnessDataStorageService.java:[110,17] com.wzl.fitness.entity �е� com.wzl.fitness.entity.FitnessData �ѹ�ʱ, �ұ��Ϊ��ɾ��
[WARNING] /D:/AFitness/Fitness/src/main/java/com/wzl/fitness/service/FitnessDataStorageService.java:[116,18] com.wzl.fitness.entity �е� com.wzl.fitness.entity.FitnessData �ѹ�ʱ, �ұ��Ϊ��ɾ��
[WARNING] /D:/AFitness/Fitness/src/main/java/com/wzl/fitness/service/FitnessDataStorageService.java:[133,17] com.wzl.fitness.entity �е� com.wzl.fitness.entity.FitnessData �ѹ�ʱ, �ұ��Ϊ��ɾ��
[WARNING] /D:/AFitness/Fitness/src/main/java/com/wzl/fitness/service/FitnessDataStorageService.java:[141,17] com.wzl.fitness.entity �е� com.wzl.fitness.entity.FitnessData �ѹ�ʱ, �ұ��Ϊ��ɾ��
[WARNING] /D:/AFitness/Fitness/src/main/java/com/wzl/fitness/service/FitnessDataStorageService.java:[143,18] com.wzl.fitness.entity �е� com.wzl.fitness.entity.FitnessData �ѹ�ʱ, �ұ��Ϊ��ɾ��
[WARNING] /D:/AFitness/Fitness/src/main/java/com/wzl/fitness/service/FitnessDataStorageService.java:[149,21] com.wzl.fitness.entity �е� com.wzl.fitness.entity.FitnessData �ѹ�ʱ, �ұ��Ϊ��ɾ��
[WARNING] /D:/AFitness/Fitness/src/main/java/com/wzl/fitness/service/FitnessDataStorageService.java:[180,17] com.wzl.fitness.entity �е� com.wzl.fitness.entity.FitnessData �ѹ�ʱ, �ұ��Ϊ��ɾ��
[WARNING] /D:/AFitness/Fitness/src/main/java/com/wzl/fitness/service/FitnessDataStorageService.java:[185,12] com.wzl.fitness.entity �е� com.wzl.fitness.entity.FitnessData �ѹ�ʱ, �ұ��Ϊ��ɾ��
[WARNING] /D:/AFitness/Fitness/src/main/java/com/wzl/fitness/service/FitnessDataStorageService.java:[185,44] com.wzl.fitness.entity �е� com.wzl.fitness.entity.FitnessData �ѹ�ʱ, �ұ��Ϊ��ɾ��
[WARNING] /D:/AFitness/Fitness/src/main/java/com/wzl/fitness/service/FitnessDataStorageService.java:[190,17] com.wzl.fitness.entity �е� com.wzl.fitness.entity.FitnessData �ѹ�ʱ, �ұ��Ϊ��ɾ��
[WARNING] /D:/AFitness/Fitness/src/main/java/com/wzl/fitness/service/FitnessDataStorageService.java:[197,17] com.wzl.fitness.entity �е� com.wzl.fitness.entity.FitnessData �ѹ�ʱ, �ұ��Ϊ��ɾ��
[WARNING] /D:/AFitness/Fitness/src/main/java/com/wzl/fitness/service/FitnessDataStorageService.java:[206,17] com.wzl.fitness.entity �е� com.wzl.fitness.entity.FitnessData �ѹ�ʱ, �ұ��Ϊ��ɾ��
[WARNING] /D:/AFitness/Fitness/src/main/java/com/wzl/fitness/service/FitnessDataStorageService.java:[217,17] com.wzl.fitness.entity �е� com.wzl.fitness.entity.FitnessData �ѹ�ʱ, �ұ��Ϊ��ɾ��
[WARNING] /D:/AFitness/Fitness/src/main/java/com/wzl/fitness/service/FitnessDataStorageService.java:[246,18] com.wzl.fitness.entity �е� com.wzl.fitness.entity.FitnessData �ѹ�ʱ, �ұ��Ϊ��ɾ��
[WARNING] /D:/AFitness/Fitness/src/main/java/com/wzl/fitness/service/FitnessDataStorageService.java:[259,14] com.wzl.fitness.entity �е� com.wzl.fitness.entity.FitnessData �ѹ�ʱ, �ұ��Ϊ��ɾ��
[WARNING] /D:/AFitness/Fitness/src/main/java/com/wzl/fitness/service/FitnessDataStorageService.java: com.wzl.fitness.entity �е� com.wzl.fitness.entity.FitnessData �ѹ�ʱ, �ұ��Ϊ��ɾ��
[WARNING] /D:/AFitness/Fitness/src/main/java/com/wzl/fitness/controller/LoadRecoveryController.java:[51,13] com.wzl.fitness.repository �е� com.wzl.fitness.repository.FitnessDataRepository �ѹ�ʱ, �ұ��Ϊ��ɾ��
[WARNING] /D:/AFitness/Fitness/src/main/java/com/wzl/fitness/controller/LoadRecoveryController.java:[124,39] com.wzl.fitness.entity �е� com.wzl.fitness.entity.FitnessData �ѹ�ʱ, �ұ��Ϊ��ɾ��
[WARNING] /D:/AFitness/Fitness/src/main/java/com/wzl/fitness/controller/LoadRecoveryController.java:[124,83] com.wzl.fitness.entity �е� com.wzl.fitness.entity.FitnessData �ѹ�ʱ, �ұ��Ϊ��ɾ��
[WARNING] /D:/AFitness/Fitness/src/main/java/com/wzl/fitness/controller/LoadRecoveryController.java:[131,9] com.wzl.fitness.entity �е� com.wzl.fitness.entity.FitnessData �ѹ�ʱ, �ұ��Ϊ��ɾ��
[WARNING] /D:/AFitness/Fitness/src/main/java/com/wzl/fitness/controller/LoadRecoveryController.java:[134,9] com.wzl.fitness.entity �е� com.wzl.fitness.entity.FitnessData �ѹ�ʱ, �ұ��Ϊ��ɾ��
[WARNING] /D:/AFitness/Fitness/src/main/java/com/wzl/fitness/controller/LoadRecoveryController.java:[356,39] com.wzl.fitness.entity �е� com.wzl.fitness.entity.FitnessData �ѹ�ʱ, �ұ��Ϊ��ɾ��
[WARNING] /D:/AFitness/Fitness/src/main/java/com/wzl/fitness/controller/LoadRecoveryController.java:[365,9] com.wzl.fitness.entity �е� com.wzl.fitness.entity.FitnessData �ѹ�ʱ, �ұ��Ϊ��ɾ��
[WARNING] /D:/AFitness/Fitness/src/main/java/com/wzl/fitness/controller/LoadRecoveryController.java:[365,39] com.wzl.fitness.entity �е� com.wzl.fitness.entity.FitnessData �ѹ�ʱ, �ұ��Ϊ��ɾ��
[WARNING] /D:/AFitness/Fitness/src/main/java/com/wzl/fitness/controller/LoadRecoveryController.java:[374,9] com.wzl.fitness.entity �е� com.wzl.fitness.entity.FitnessData �ѹ�ʱ, �ұ��Ϊ��ɾ��
[WARNING] /D:/AFitness/Fitness/src/main/java/com/wzl/fitness/controller/LoadRecoveryController.java:[430,44] com.wzl.fitness.entity �е� com.wzl.fitness.entity.FitnessData �ѹ�ʱ, �ұ��Ϊ��ɾ��
[WARNING] /D:/AFitness/Fitness/src/main/java/com/wzl/fitness/controller/LoadRecoveryController.java:[432,14] com.wzl.fitness.entity �е� com.wzl.fitness.entity.FitnessData �ѹ�ʱ, �ұ��Ϊ��ɾ��
[WARNING] /D:/AFitness/Fitness/src/main/java/com/wzl/fitness/controller/LoadRecoveryController.java:[475,39] com.wzl.fitness.entity �е� com.wzl.fitness.entity.FitnessData �ѹ�ʱ, �ұ��Ϊ��ɾ��
[WARNING] /D:/AFitness/Fitness/src/main/java/com/wzl/fitness/controller/LoadRecoveryController.java:[478,26] com.wzl.fitness.entity �е� com.wzl.fitness.entity.FitnessData �ѹ�ʱ, �ұ��Ϊ��ɾ��
[WARNING] /D:/AFitness/Fitness/src/main/java/com/wzl/fitness/controller/LoadRecoveryController.java:[481,9] com.wzl.fitness.entity �е� com.wzl.fitness.entity.FitnessData �ѹ�ʱ, �ұ��Ϊ��ɾ��
[WARNING] /D:/AFitness/Fitness/src/main/java/com/wzl/fitness/controller/LoadRecoveryController.java:[502,9] com.wzl.fitness.entity �е� com.wzl.fitness.entity.FitnessData �ѹ�ʱ, �ұ��Ϊ��ɾ��
[WARNING] /D:/AFitness/Fitness/src/main/java/com/wzl/fitness/controller/LoadRecoveryController.java:[503,9] com.wzl.fitness.entity �е� com.wzl.fitness.entity.FitnessData �ѹ�ʱ, �ұ��Ϊ��ɾ��
[WARNING] /D:/AFitness/Fitness/src/main/java/com/wzl/fitness/controller/LoadRecoveryController.java:[576,9] com.wzl.fitness.entity �е� com.wzl.fitness.entity.FitnessData �ѹ�ʱ, �ұ��Ϊ��ɾ��
[WARNING] /D:/AFitness/Fitness/src/main/java/com/wzl/fitness/service/FitnessDataService.java:[23,10] com.wzl.fitness.entity �е� com.wzl.fitness.entity.FitnessData �ѹ�ʱ, �ұ��Ϊ��ɾ��
[WARNING] /D:/AFitness/Fitness/src/main/java/com/wzl/fitness/service/FitnessDataService.java:[24,10] com.wzl.fitness.entity �е� com.wzl.fitness.entity.FitnessData �ѹ�ʱ, �ұ��Ϊ��ɾ��
[WARNING] /D:/AFitness/Fitness/src/main/java/com/wzl/fitness/service/FitnessDataService.java:[25,10] com.wzl.fitness.entity �е� com.wzl.fitness.entity.FitnessData �ѹ�ʱ, �ұ��Ϊ��ɾ��
[WARNING] /D:/AFitness/Fitness/src/main/java/com/wzl/fitness/service/FitnessDataServiceImpl.java:[39,48] com.wzl.fitness.service �е� com.wzl.fitness.service.FitnessDataService �ѹ�ʱ, �ұ��Ϊ��ɾ��
[WARNING] /D:/AFitness/Fitness/src/main/java/com/wzl/fitness/service/FitnessDataServiceImpl.java:[42,19] com.wzl.fitness.repository �е� com.wzl.fitness.repository.FitnessDataRepository �ѹ�ʱ, �ұ��Ϊ��ɾ��
[WARNING] /D:/AFitness/Fitness/src/main/java/com/wzl/fitness/service/FitnessDataServiceImpl.java:[47,17] com.wzl.fitness.entity �е� com.wzl.fitness.entity.FitnessData �ѹ�ʱ, �ұ��Ϊ��ɾ��
[WARNING] /D:/AFitness/Fitness/src/main/java/com/wzl/fitness/service/FitnessDataServiceImpl.java:[57,17] com.wzl.fitness.entity �е� com.wzl.fitness.entity.FitnessData �ѹ�ʱ, �ұ��Ϊ��ɾ��
[WARNING] /D:/AFitness/Fitness/src/main/java/com/wzl/fitness/service/FitnessDataServiceImpl.java:[71,17] com.wzl.fitness.entity �е� com.wzl.fitness.entity.FitnessData �ѹ�ʱ, �ұ��Ϊ��ɾ��
[WARNING] /D:/AFitness/Fitness/src/main/java/com/wzl/fitness/service/FitnessDataServiceImpl.java:[79,14] com.wzl.fitness.entity �е� com.wzl.fitness.entity.FitnessData �ѹ�ʱ, �ұ��Ϊ��ɾ��
[WARNING] /D:/AFitness/Fitness/src/main/java/com/wzl/fitness/service/FitnessDataServiceImpl.java: com.wzl.fitness.entity �е� com.wzl.fitness.entity.FitnessData �ѹ�ʱ, �ұ��Ϊ��ɾ��
[WARNING] /D:/AFitness/Fitness/src/main/java/com/wzl/fitness/service/FitnessDataServiceImpl.java: com.wzl.fitness.entity �е� com.wzl.fitness.entity.FitnessData �ѹ�ʱ, �ұ��Ϊ��ɾ��
[WARNING] /D:/AFitness/Fitness/src/main/java/com/wzl/fitness/service/FitnessDataServiceImpl.java:[91,12] com.wzl.fitness.entity �е� com.wzl.fitness.entity.FitnessData �ѹ�ʱ, �ұ��Ϊ��ɾ��
[WARNING] /D:/AFitness/Fitness/src/main/java/com/wzl/fitness/service/FitnessDataServiceImpl.java:[91,40] com.wzl.fitness.entity �е� com.wzl.fitness.entity.FitnessData �ѹ�ʱ, �ұ��Ϊ��ɾ��
[WARNING] /D:/AFitness/Fitness/src/main/java/com/wzl/fitness/service/FitnessDataServiceImpl.java:[94,13] com.wzl.fitness.entity �е� com.wzl.fitness.entity.FitnessData �ѹ�ʱ, �ұ��Ϊ��ɾ��
[WARNING] /D:/AFitness/Fitness/src/main/java/com/wzl/fitness/service/FitnessDataServiceImpl.java:[108,17] com.wzl.fitness.entity �е� com.wzl.fitness.entity.FitnessData �ѹ�ʱ, �ұ��Ϊ��ɾ��
[WARNING] /D:/AFitness/Fitness/src/main/java/com/wzl/fitness/service/FitnessDataServiceImpl.java:[108,54] com.wzl.fitness.entity �е� com.wzl.fitness.entity.FitnessData �ѹ�ʱ, �ұ��Ϊ��ɾ��
[WARNING] /D:/AFitness/Fitness/src/main/java/com/wzl/fitness/service/FitnessDataServiceImpl.java:[111,18] com.wzl.fitness.entity �е� com.wzl.fitness.entity.FitnessData �ѹ�ʱ, �ұ��Ϊ��ɾ��
[WARNING] /D:/AFitness/Fitness/src/main/java/com/wzl/fitness/service/FitnessDataServiceImpl.java: com.wzl.fitness.entity �е� com.wzl.fitness.entity.FitnessData �ѹ�ʱ, �ұ��Ϊ��ɾ��
[INFO] 92 warnings 
[INFO] -------------------------------------------------------------
[INFO] -------------------------------------------------------------
[ERROR] COMPILATION ERROR : 
[INFO] -------------------------------------------------------------
[ERROR] /D:/AFitness/Fitness/src/main/java/com/wzl/fitness/controller/UserProfileController.java:[376,36] �Ҳ�������
  ����:   ���� DATA_EXPORT
  λ��: �� com.wzl.fitness.entity.AuditLog.AuditAction
[ERROR] /D:/AFitness/Fitness/src/main/java/com/wzl/fitness/dto/response/PageResponse.java:[70,28] �Ҳ�������
  ����:   ���� <T>builder()
  λ��: �� com.wzl.fitness.dto.response.PageResponse
[ERROR] /D:/AFitness/Fitness/src/main/java/com/wzl/fitness/dto/response/PageResponse.java:[88,28] �Ҳ�������
  ����:   ���� <T>builder()
  λ��: �� com.wzl.fitness.dto.response.PageResponse
[ERROR] /D:/AFitness/Fitness/src/main/java/com/wzl/fitness/dto/response/PageResponse.java:[105,28] �Ҳ�������
  ����:   ���� <T>builder()
  λ��: �� com.wzl.fitness.dto.response.PageResponse
[ERROR] /D:/AFitness/Fitness/src/main/java/com/wzl/fitness/service/AuditLogService.java:[34,21] �Ҳ�������
  ����:   ���� builder()
  λ��: �� com.wzl.fitness.entity.AuditLog
[ERROR] /D:/AFitness/Fitness/src/main/java/com/wzl/fitness/service/AuditLogService.java:[47,21] �Ҳ�������
  ����:   ���� builder()
  λ��: �� com.wzl.fitness.entity.AuditLog
[ERROR] /D:/AFitness/Fitness/src/main/java/com/wzl/fitness/service/AuditLogService.java:[60,21] �Ҳ�������
  ����:   ���� builder()
  λ��: �� com.wzl.fitness.entity.AuditLog
[ERROR] /D:/AFitness/Fitness/src/main/java/com/wzl/fitness/service/AuditLogService.java:[73,21] �Ҳ�������
  ����:   ���� builder()
  λ��: �� com.wzl.fitness.entity.AuditLog
[ERROR] /D:/AFitness/Fitness/src/main/java/com/wzl/fitness/service/AuditLogService.java:[86,21] �Ҳ�������
  ����:   ���� builder()
  λ��: �� com.wzl.fitness.entity.AuditLog
[ERROR] /D:/AFitness/Fitness/src/main/java/com/wzl/fitness/service/AuditLogService.java:[100,21] �Ҳ�������
  ����:   ���� builder()
  λ��: �� com.wzl.fitness.entity.AuditLog
[ERROR] /D:/AFitness/Fitness/src/main/java/com/wzl/fitness/service/AuditLogService.java:[113,21] �Ҳ�������
  ����:   ���� builder()
  λ��: �� com.wzl.fitness.entity.AuditLog
[ERROR] /D:/AFitness/Fitness/src/main/java/com/wzl/fitness/service/AuditLogService.java:[128,21] �Ҳ�������
  ����:   ���� builder()
  λ��: �� com.wzl.fitness.entity.AuditLog
[ERROR] /D:/AFitness/Fitness/src/main/java/com/wzl/fitness/service/AuditLogService.java:[143,21] �Ҳ�������
  ����:   ���� builder()
  λ��: �� com.wzl.fitness.entity.AuditLog
[ERROR] /D:/AFitness/Fitness/src/main/java/com/wzl/fitness/service/AuditLogService.java:[157,21] �Ҳ�������
  ����:   ���� builder()
  λ��: �� com.wzl.fitness.entity.AuditLog
[ERROR] /D:/AFitness/Fitness/src/main/java/com/wzl/fitness/service/AuditLogService.java:[173,21] �Ҳ�������
  ����:   ���� builder()
  λ��: �� com.wzl.fitness.entity.AuditLog
[ERROR] /D:/AFitness/Fitness/src/main/java/com/wzl/fitness/service/AuditLogService.java:[196,13] �Ҳ�������
  ����:   ���� log
  λ��: �� com.wzl.fitness.service.AuditLogService
[ERROR] /D:/AFitness/Fitness/src/main/java/com/wzl/fitness/service/AuditLogService.java:[197,25] �Ҳ�������
  ����:   ���� getAction()
  λ��: ����Ϊcom.wzl.fitness.entity.AuditLog�ı��� auditLog
[ERROR] /D:/AFitness/Fitness/src/main/java/com/wzl/fitness/service/AuditLogService.java:[197,47] �Ҳ�������
  ����:   ���� getUsername()
  λ��: ����Ϊcom.wzl.fitness.entity.AuditLog�ı��� auditLog
[ERROR] /D:/AFitness/Fitness/src/main/java/com/wzl/fitness/service/AuditLogService.java:[197,71] �Ҳ�������
  ����:   ���� getResult()
  λ��: ����Ϊcom.wzl.fitness.entity.AuditLog�ı��� auditLog
[ERROR] /D:/AFitness/Fitness/src/main/java/com/wzl/fitness/service/AuditLogService.java:[200,13] �Ҳ�������
  ����:   ���� log
  λ��: �� com.wzl.fitness.service.AuditLogService
[ERROR] /D:/AFitness/Fitness/src/main/java/com/wzl/fitness/service/AuditLogService.java:[213,25] �Ҳ�������
  ����:   ���� setIpAddress(java.lang.String)
  λ��: ����Ϊcom.wzl.fitness.entity.AuditLog�ı��� auditLog
[ERROR] /D:/AFitness/Fitness/src/main/java/com/wzl/fitness/service/AuditLogService.java:[214,25] �Ҳ�������
  ����:   ���� setUserAgent(java.lang.String)
  λ��: ����Ϊcom.wzl.fitness.entity.AuditLog�ı��� auditLog
[ERROR] /D:/AFitness/Fitness/src/main/java/com/wzl/fitness/service/AuditLogService.java:[215,25] �Ҳ�������
  ����:   ���� setRequestPath(java.lang.String)
  λ��: ����Ϊcom.wzl.fitness.entity.AuditLog�ı��� auditLog
[ERROR] /D:/AFitness/Fitness/src/main/java/com/wzl/fitness/service/AuditLogService.java:[216,25] �Ҳ�������
  ����:   ���� setRequestMethod(java.lang.String)
  λ��: ����Ϊcom.wzl.fitness.entity.AuditLog�ı��� auditLog
[ERROR] /D:/AFitness/Fitness/src/main/java/com/wzl/fitness/service/AuditLogService.java:[219,13] �Ҳ�������
  ����:   ���� log
  λ��: �� com.wzl.fitness.service.AuditLogService
[ERROR] /D:/AFitness/Fitness/src/main/java/com/wzl/fitness/service/impl/TrainingRecordServiceImpl.java:[38,15] �Ҳ�������
  ����:   ���� setDeleted(boolean)
  λ��: ����Ϊcom.wzl.fitness.entity.TrainingRecord�ı��� record
[ERROR] /D:/AFitness/Fitness/src/main/java/com/wzl/fitness/service/impl/TrainingRecordServiceImpl.java:[155,16] �޷����� com.wzl.fitness.dto.response.TrainingStatsResponse�еĹ����� TrainingStatsResponseӦ�õ���������;
  ��Ҫ: û�в���
  �ҵ�:    long,double,long
  ԭ��: ʵ�ʲ����б����ʽ�����б���Ȳ�ͬ
[ERROR] /D:/AFitness/Fitness/src/main/java/com/wzl/fitness/service/impl/UserNutritionGoalServiceImpl.java:[36,9] �Ҳ�������
  ����:   ���� log
  λ��: �� com.wzl.fitness.service.impl.UserNutritionGoalServiceImpl
[ERROR] /D:/AFitness/Fitness/src/main/java/com/wzl/fitness/service/impl/UserNutritionGoalServiceImpl.java:[39,42] �Ҳ�������
  ����:   ���� builder()
  λ��: �� com.wzl.fitness.entity.UserNutritionGoal
[ERROR] /D:/AFitness/Fitness/src/main/java/com/wzl/fitness/service/impl/UserNutritionGoalServiceImpl.java:[42,20] �Ҳ�������
  ����:   ���� getTrainingGoal()
  λ��: ����Ϊcom.wzl.fitness.dto.request.NutritionGoalRequest�ı��� request
[ERROR] /D:/AFitness/Fitness/src/main/java/com/wzl/fitness/service/impl/UserNutritionGoalServiceImpl.java:[43,41] �Ҳ�������
  ����:   ���� getTrainingGoal()
  λ��: ����Ϊcom.wzl.fitness.dto.request.NutritionGoalRequest�ı��� request
[ERROR] /D:/AFitness/Fitness/src/main/java/com/wzl/fitness/service/impl/UserNutritionGoalServiceImpl.java:[45,20] �Ҳ�������
  ����:   ���� getActivityLevel()
  λ��: ����Ϊcom.wzl.fitness.dto.request.NutritionGoalRequest�ı��� request
[ERROR] /D:/AFitness/Fitness/src/main/java/com/wzl/fitness/service/impl/UserNutritionGoalServiceImpl.java:[46,42] �Ҳ�������
  ����:   ���� getActivityLevel()
  λ��: ����Ϊcom.wzl.fitness.dto.request.NutritionGoalRequest�ı��� request
[ERROR] /D:/AFitness/Fitness/src/main/java/com/wzl/fitness/service/impl/UserNutritionGoalServiceImpl.java:[50,40] �Ҳ�������
  ����:   ���� getUseCustomTargets()
  λ��: ����Ϊcom.wzl.fitness.dto.request.NutritionGoalRequest�ı��� request
[ERROR] /D:/AFitness/Fitness/src/main/java/com/wzl/fitness/service/impl/UserNutritionGoalServiceImpl.java:[51,17] �Ҳ�������
  ����:   ���� setUseCustomTargets(boolean)
  λ��: ����Ϊcom.wzl.fitness.entity.UserNutritionGoal�ı��� goal
[ERROR] /D:/AFitness/Fitness/src/main/java/com/wzl/fitness/service/impl/UserNutritionGoalServiceImpl.java:[52,43] �Ҳ�������
  ����:   ���� getTargetCalories()
  λ��: ����Ϊcom.wzl.fitness.dto.request.NutritionGoalRequest�ı��� request
[ERROR] /D:/AFitness/Fitness/src/main/java/com/wzl/fitness/service/impl/UserNutritionGoalServiceImpl.java:[53,42] �Ҳ�������
  ����:   ���� getTargetProtein()
  λ��: ����Ϊcom.wzl.fitness.dto.request.NutritionGoalRequest�ı��� request
[ERROR] /D:/AFitness/Fitness/src/main/java/com/wzl/fitness/service/impl/UserNutritionGoalServiceImpl.java:[54,40] �Ҳ�������
  ����:   ���� getTargetCarbs()
  λ��: ����Ϊcom.wzl.fitness.dto.request.NutritionGoalRequest�ı��� request
[ERROR] /D:/AFitness/Fitness/src/main/java/com/wzl/fitness/service/impl/UserNutritionGoalServiceImpl.java:[55,38] �Ҳ�������
  ����:   ���� getTargetFat()
  λ��: ����Ϊcom.wzl.fitness.dto.request.NutritionGoalRequest�ı��� request
[ERROR] /D:/AFitness/Fitness/src/main/java/com/wzl/fitness/service/impl/UserNutritionGoalServiceImpl.java:[57,17] �Ҳ�������
  ����:   ���� setUseCustomTargets(boolean)
  λ��: ����Ϊcom.wzl.fitness.entity.UserNutritionGoal�ı��� goal
[ERROR] /D:/AFitness/Fitness/src/main/java/com/wzl/fitness/service/impl/UserNutritionGoalServiceImpl.java:[60,31] �Ҳ�������
  ����:   ���� getTrainingGoal()
  λ��: ����Ϊcom.wzl.fitness.entity.UserNutritionGoal�ı��� goal
[ERROR] /D:/AFitness/Fitness/src/main/java/com/wzl/fitness/service/impl/UserNutritionGoalServiceImpl.java:[60,55] �Ҳ�������
  ����:   ���� getActivityLevel()
  λ��: ����Ϊcom.wzl.fitness.entity.UserNutritionGoal�ı��� goal
[ERROR] /D:/AFitness/Fitness/src/main/java/com/wzl/fitness/service/impl/UserNutritionGoalServiceImpl.java:[61,50] �Ҳ�������
  ����:   ���� getRecommendedCalories()
  λ��: ����Ϊcom.wzl.fitness.dto.response.NutritionRecommendation�ı��� recommendation
[ERROR] /D:/AFitness/Fitness/src/main/java/com/wzl/fitness/service/impl/UserNutritionGoalServiceImpl.java:[62,49] �Ҳ�������
  ����:   ���� getRecommendedProtein()
  λ��: ����Ϊcom.wzl.fitness.dto.response.NutritionRecommendation�ı��� recommendation
[ERROR] /D:/AFitness/Fitness/src/main/java/com/wzl/fitness/service/impl/UserNutritionGoalServiceImpl.java:[63,47] �Ҳ�������
  ����:   ���� getRecommendedCarbs()
  λ��: ����Ϊcom.wzl.fitness.dto.response.NutritionRecommendation�ı��� recommendation
[ERROR] /D:/AFitness/Fitness/src/main/java/com/wzl/fitness/service/impl/UserNutritionGoalServiceImpl.java:[64,45] �Ҳ�������
  ����:   ���� getRecommendedFat()
  λ��: ����Ϊcom.wzl.fitness.dto.response.NutritionRecommendation�ı��� recommendation
[ERROR] /D:/AFitness/Fitness/src/main/java/com/wzl/fitness/service/impl/UserNutritionGoalServiceImpl.java:[76,41] �Ҳ�������
  ����:   ���� getUseCustomTargets()
  λ��: ����Ϊcom.wzl.fitness.entity.UserNutritionGoal�ı��� goal
[ERROR] /D:/AFitness/Fitness/src/main/java/com/wzl/fitness/service/impl/UserNutritionGoalServiceImpl.java:[78,47] �Ҳ�������
  ����:   ���� builder()
  λ��: �� com.wzl.fitness.dto.response.NutritionRecommendation
[ERROR] /D:/AFitness/Fitness/src/main/java/com/wzl/fitness/service/impl/UserNutritionGoalServiceImpl.java:[79,50] �Ҳ�������
  ����:   ���� getTargetCalories()
  λ��: ����Ϊcom.wzl.fitness.entity.UserNutritionGoal�ı��� goal
[ERROR] /D:/AFitness/Fitness/src/main/java/com/wzl/fitness/service/impl/UserNutritionGoalServiceImpl.java:[80,49] �Ҳ�������
  ����:   ���� getTargetProtein()
  λ��: ����Ϊcom.wzl.fitness.entity.UserNutritionGoal�ı��� goal
[ERROR] /D:/AFitness/Fitness/src/main/java/com/wzl/fitness/service/impl/UserNutritionGoalServiceImpl.java:[81,47] �Ҳ�������
  ����:   ���� getTargetCarbs()
  λ��: ����Ϊcom.wzl.fitness.entity.UserNutritionGoal�ı��� goal
[ERROR] /D:/AFitness/Fitness/src/main/java/com/wzl/fitness/service/impl/UserNutritionGoalServiceImpl.java:[82,45] �Ҳ�������
  ����:   ���� getTargetFat()
  λ��: ����Ϊcom.wzl.fitness.entity.UserNutritionGoal�ı��� goal
[ERROR] /D:/AFitness/Fitness/src/main/java/com/wzl/fitness/service/impl/UserNutritionGoalServiceImpl.java:[83,43] �Ҳ�������
  ����:   ���� getTrainingGoal()
  λ��: ����Ϊcom.wzl.fitness.entity.UserNutritionGoal�ı��� goal
[ERROR] /D:/AFitness/Fitness/src/main/java/com/wzl/fitness/service/impl/UserNutritionGoalServiceImpl.java:[84,44] �Ҳ�������
  ����:   ���� getActivityLevel()
  λ��: ����Ϊcom.wzl.fitness.entity.UserNutritionGoal�ı��� goal
[ERROR] /D:/AFitness/Fitness/src/main/java/com/wzl/fitness/service/impl/UserNutritionGoalServiceImpl.java:[90,35] �Ҳ�������
  ����:   ���� getTrainingGoal()
  λ��: ����Ϊcom.wzl.fitness.entity.UserNutritionGoal�ı��� goal
[ERROR] /D:/AFitness/Fitness/src/main/java/com/wzl/fitness/service/impl/UserNutritionGoalServiceImpl.java:[90,59] �Ҳ�������
  ����:   ���� getActivityLevel()
  λ��: ����Ϊcom.wzl.fitness.entity.UserNutritionGoal�ı��� goal
[ERROR] /D:/AFitness/Fitness/src/main/java/com/wzl/fitness/service/impl/UserNutritionGoalServiceImpl.java:[101,9] �Ҳ�������
  ����:   ���� log
  λ��: �� com.wzl.fitness.service.impl.UserNutritionGoalServiceImpl
[ERROR] /D:/AFitness/Fitness/src/main/java/com/wzl/fitness/controller/TrainingPlanController.java:[82,18] �Ҳ�������
  ����:   ���� getUser()
  λ��: ����Ϊcom.wzl.fitness.entity.TrainingPlan�ı��� plan
[ERROR] /D:/AFitness/Fitness/src/main/java/com/wzl/fitness/controller/TrainingPlanController.java:[110,26] �Ҳ�������
  ����:   ���� getUser()
  λ��: ����Ϊcom.wzl.fitness.entity.TrainingPlan�ı��� existingPlan
[ERROR] /D:/AFitness/Fitness/src/main/java/com/wzl/fitness/controller/TrainingPlanController.java:[153,18] �Ҳ�������
  ����:   ���� getUser()
  λ��: ����Ϊcom.wzl.fitness.entity.TrainingPlan�ı��� plan
[ERROR] /D:/AFitness/Fitness/src/main/java/com/wzl/fitness/controller/TrainingPlanController.java:[157,31] �Ҳ�������
  ����:   ���� getUser()
  λ��: ����Ϊcom.wzl.fitness.entity.TrainingPlan�ı��� plan
[ERROR] /D:/AFitness/Fitness/src/main/java/com/wzl/fitness/dto/response/ValidationErrorResponse.java:[62,39] �Ҳ�������
  ����:   ���� builder()
  λ��: �� com.wzl.fitness.dto.response.ValidationErrorResponse
[ERROR] /D:/AFitness/Fitness/src/main/java/com/wzl/fitness/dto/response/ValidationErrorResponse.java:[78,39] �Ҳ�������
  ����:   ���� builder()
  λ��: �� com.wzl.fitness.dto.response.ValidationErrorResponse
[ERROR] /D:/AFitness/Fitness/src/main/java/com/wzl/fitness/aspect/AuditAspect.java:[50,17] �Ҳ�������
  ����:   �� AuditLogBuilder
  λ��: �� com.wzl.fitness.entity.AuditLog
[ERROR] /D:/AFitness/Fitness/src/main/java/com/wzl/fitness/aspect/AuditAspect.java:[50,55] �Ҳ�������
  ����:   ���� builder()
  λ��: �� com.wzl.fitness.entity.AuditLog
[ERROR] /D:/AFitness/Fitness/src/main/java/com/wzl/fitness/aspect/AuditAspect.java:[93,13] �Ҳ�������
  ����:   ���� log
  λ��: �� com.wzl.fitness.aspect.AuditAspect
[ERROR] /D:/AFitness/Fitness/src/main/java/com/wzl/fitness/aspect/AuditAspect.java:[113,13] �Ҳ�������
  ����:   ���� log
  λ��: �� com.wzl.fitness.aspect.AuditAspect
[ERROR] /D:/AFitness/Fitness/src/main/java/com/wzl/fitness/service/impl/RecoveryAssessmentServiceImpl.java:[36,9] �Ҳ�������
  ����:   ���� log
  λ��: �� com.wzl.fitness.service.impl.RecoveryAssessmentServiceImpl
[ERROR] /D:/AFitness/Fitness/src/main/java/com/wzl/fitness/service/impl/RecoveryAssessmentServiceImpl.java:[38,39] �Ҳ�������
  ����:   ���� getRecordDate()
  λ��: ����Ϊcom.wzl.fitness.dto.request.RecoveryDataRequest�ı��� request
[ERROR] /D:/AFitness/Fitness/src/main/java/com/wzl/fitness/service/impl/RecoveryAssessmentServiceImpl.java:[38,73] �Ҳ�������
  ����:   ���� getRecordDate()
  λ��: ����Ϊcom.wzl.fitness.dto.request.RecoveryDataRequest�ı��� request
[ERROR] /D:/AFitness/Fitness/src/main/java/com/wzl/fitness/service/impl/RecoveryAssessmentServiceImpl.java:[44,43] �Ҳ�������
  ����:   ���� getSleepHours()
  λ��: ����Ϊcom.wzl.fitness.dto.request.RecoveryDataRequest�ı��� request
[ERROR] /D:/AFitness/Fitness/src/main/java/com/wzl/fitness/service/impl/RecoveryAssessmentServiceImpl.java:[45,45] �Ҳ�������
  ����:   ���� getSleepQuality()
  λ��: ����Ϊcom.wzl.fitness.dto.request.RecoveryDataRequest�ı��� request
[ERROR] /D:/AFitness/Fitness/src/main/java/com/wzl/fitness/service/impl/RecoveryAssessmentServiceImpl.java:[45,81] �Ҳ�������
  ����:   ���� getSleepQuality()
  λ��: ����Ϊcom.wzl.fitness.dto.request.RecoveryDataRequest�ı��� request
[ERROR] /D:/AFitness/Fitness/src/main/java/com/wzl/fitness/service/impl/RecoveryAssessmentServiceImpl.java:[46,47] �Ҳ�������
  ����:   ���� getMuscleSoreness()
  λ��: ����Ϊcom.wzl.fitness.dto.request.RecoveryDataRequest�ı��� request
[ERROR] /D:/AFitness/Fitness/src/main/java/com/wzl/fitness/service/impl/RecoveryAssessmentServiceImpl.java:[46,85] �Ҳ�������
  ����:   ���� getMuscleSoreness()
  λ��: ����Ϊcom.wzl.fitness.dto.request.RecoveryDataRequest�ı��� request
[ERROR] /D:/AFitness/Fitness/src/main/java/com/wzl/fitness/service/impl/RecoveryAssessmentServiceImpl.java:[47,44] �Ҳ�������
  ����:   ���� getStressLevel()
  λ��: ����Ϊcom.wzl.fitness.dto.request.RecoveryDataRequest�ı��� request
[ERROR] /D:/AFitness/Fitness/src/main/java/com/wzl/fitness/service/impl/RecoveryAssessmentServiceImpl.java:[47,79] �Ҳ�������
  ����:   ���� getStressLevel()
  λ��: ����Ϊcom.wzl.fitness.dto.request.RecoveryDataRequest�ı��� request
[ERROR] /D:/AFitness/Fitness/src/main/java/com/wzl/fitness/service/impl/RecoveryAssessmentServiceImpl.java:[48,53] �Ҳ�������
  ����:   ���� getHrv()
  λ��: ����Ϊcom.wzl.fitness.dto.request.RecoveryDataRequest�ı��� request
[ERROR] /D:/AFitness/Fitness/src/main/java/com/wzl/fitness/service/impl/RecoveryAssessmentServiceImpl.java:[48,80] �Ҳ�������
  ����:   ���� getHrv()
  λ��: ����Ϊcom.wzl.fitness.dto.request.RecoveryDataRequest�ı��� request
[ERROR] /D:/AFitness/Fitness/src/main/java/com/wzl/fitness/service/impl/RecoveryAssessmentServiceImpl.java:[49,49] �Ҳ�������
  ����:   ���� getRestingHeartRate()
  λ��: ����Ϊcom.wzl.fitness.dto.request.RecoveryDataRequest�ı��� request
[ERROR] /D:/AFitness/Fitness/src/main/java/com/wzl/fitness/service/impl/RecoveryAssessmentServiceImpl.java:[49,89] �Ҳ�������
  ����:   ���� getRestingHeartRate()
  λ��: ����Ϊcom.wzl.fitness.dto.request.RecoveryDataRequest�ı��� request
[ERROR] /D:/AFitness/Fitness/src/main/java/com/wzl/fitness/service/impl/RecoveryAssessmentServiceImpl.java:[50,38] �Ҳ�������
  ����:   ���� getNotes()
  λ��: ����Ϊcom.wzl.fitness.dto.request.RecoveryDataRequest�ı��� request
[ERROR] /D:/AFitness/Fitness/src/main/java/com/wzl/fitness/service/impl/RecoveryAssessmentServiceImpl.java:[72,38] �Ҳ�������
  ����:   ���� builder()
  λ��: �� com.wzl.fitness.dto.response.RecoveryAssessment
[ERROR] /D:/AFitness/Fitness/src/main/java/com/wzl/fitness/service/impl/RecoveryAssessmentServiceImpl.java:[83,58] �Ҳ�������
  ����:   ���� builder()
  λ��: �� com.wzl.fitness.dto.request.RecoveryDataRequest
[ERROR] /D:/AFitness/Fitness/src/main/java/com/wzl/fitness/service/impl/RecoveryAssessmentServiceImpl.java:[111,31] �Ҳ�������
  ����:   ���� getOverallScore()
  λ��: ����Ϊcom.wzl.fitness.dto.response.RecoveryAssessment�ı��� assessment
[ERROR] /D:/AFitness/Fitness/src/main/java/com/wzl/fitness/service/impl/RecoveryAssessmentServiceImpl.java:[136,23] �Ҳ�������
  ����:   ���� getMuscleSorenessScore()
  λ��: ����Ϊcom.wzl.fitness.dto.response.RecoveryAssessment�ı��� assessment
[ERROR] /D:/AFitness/Fitness/src/main/java/com/wzl/fitness/service/impl/RecoveryAssessmentServiceImpl.java:[136,70] �Ҳ�������
  ����:   ���� getMuscleSorenessScore()
  λ��: ����Ϊcom.wzl.fitness.dto.response.RecoveryAssessment�ı��� assessment
[ERROR] /D:/AFitness/Fitness/src/main/java/com/wzl/fitness/service/impl/RecoveryAssessmentServiceImpl.java:[148,23] �Ҳ�������
  ����:   ���� getSleepHours()
  λ��: ����Ϊcom.wzl.fitness.dto.response.RecoveryAssessment�ı��� assessment
[ERROR] /D:/AFitness/Fitness/src/main/java/com/wzl/fitness/service/impl/RecoveryAssessmentServiceImpl.java:[148,61] �Ҳ�������
  ����:   ���� getSleepHours()
  λ��: ����Ϊcom.wzl.fitness.dto.response.RecoveryAssessment�ı��� assessment
[ERROR] /D:/AFitness/Fitness/src/main/java/com/wzl/fitness/service/impl/RecoveryAssessmentServiceImpl.java:[151,23] �Ҳ�������
  ����:   ���� getSleepScore()
  λ��: ����Ϊcom.wzl.fitness.dto.response.RecoveryAssessment�ı��� assessment
[ERROR] /D:/AFitness/Fitness/src/main/java/com/wzl/fitness/service/impl/RecoveryAssessmentServiceImpl.java:[151,61] �Ҳ�������
  ����:   ���� getSleepScore()
  λ��: ����Ϊcom.wzl.fitness.dto.response.RecoveryAssessment�ı��� assessment
[ERROR] /D:/AFitness/Fitness/src/main/java/com/wzl/fitness/service/impl/RecoveryAssessmentServiceImpl.java:[156,23] �Ҳ�������
  ����:   ���� getStressScore()
  λ��: ����Ϊcom.wzl.fitness.dto.response.RecoveryAssessment�ı��� assessment
[ERROR] /D:/AFitness/Fitness/src/main/java/com/wzl/fitness/service/impl/RecoveryAssessmentServiceImpl.java:[156,62] �Ҳ�������
  ����:   ���� getStressScore()
  λ��: ����Ϊcom.wzl.fitness.dto.response.RecoveryAssessment�ı��� assessment
[ERROR] /D:/AFitness/Fitness/src/main/java/com/wzl/fitness/service/impl/RecoveryAssessmentServiceImpl.java:[161,23] �Ҳ�������
  ����:   ���� getMuscleSorenessScore()
  λ��: ����Ϊcom.wzl.fitness.dto.response.RecoveryAssessment�ı��� assessment
[ERROR] /D:/AFitness/Fitness/src/main/java/com/wzl/fitness/service/impl/RecoveryAssessmentServiceImpl.java:[161,70] �Ҳ�������
  ����:   ���� getMuscleSorenessScore()
  λ��: ����Ϊcom.wzl.fitness.dto.response.RecoveryAssessment�ı��� assessment
[ERROR] /D:/AFitness/Fitness/src/main/java/com/wzl/fitness/service/impl/RecoveryAssessmentServiceImpl.java:[171,23] �Ҳ�������
  ����:   ���� getHrv()
  λ��: ����Ϊcom.wzl.fitness.dto.response.RecoveryAssessment�ı��� assessment
[ERROR] /D:/AFitness/Fitness/src/main/java/com/wzl/fitness/service/impl/RecoveryAssessmentServiceImpl.java:[171,54] �Ҳ�������
  ����:   ���� getHrv()
  λ��: ����Ϊcom.wzl.fitness.dto.response.RecoveryAssessment�ı��� assessment
[ERROR] /D:/AFitness/Fitness/src/main/java/com/wzl/fitness/service/impl/RecoveryAssessmentServiceImpl.java:[183,20] �Ҳ�������
  ����:   ���� getSleepHours()
  λ��: ����Ϊcom.wzl.fitness.dto.request.RecoveryDataRequest�ı��� request
[ERROR] /D:/AFitness/Fitness/src/main/java/com/wzl/fitness/service/impl/RecoveryAssessmentServiceImpl.java:[184,24] �Ҳ�������
  ����:   ���� getSleepHours()
  λ��: ����Ϊcom.wzl.fitness.dto.request.RecoveryDataRequest�ı��� request
[ERROR] /D:/AFitness/Fitness/src/main/java/com/wzl/fitness/service/impl/RecoveryAssessmentServiceImpl.java:[185,29] �Ҳ�������
  ����:   ���� getSleepHours()
  λ��: ����Ϊcom.wzl.fitness.dto.request.RecoveryDataRequest�ı��� request
[INFO] 100 errors 
[INFO] -------------------------------------------------------------
[INFO] ------------------------------------------------------------------------
[INFO] BUILD FAILURE
[INFO] ------------------------------------------------------------------------
[INFO] Total time:  7.236 s
[INFO] Finished at: 2026-01-01T05:02:43+08:00
[INFO] ------------------------------------------------------------------------
[ERROR] Failed to execute goal org.apache.maven.plugins:maven-compiler-plugin:3.11.0:compile (default-compile) on project fitness: Compilation failure: Compilation failure: 
[ERROR] /D:/AFitness/Fitness/src/main/java/com/wzl/fitness/controller/UserProfileController.java:[376,36] �Ҳ�������
[ERROR]   ����:   ���� DATA_EXPORT
[ERROR]   λ��: �� com.wzl.fitness.entity.AuditLog.AuditAction
[ERROR] /D:/AFitness/Fitness/src/main/java/com/wzl/fitness/dto/response/PageResponse.java:[70,28] �Ҳ�������
[ERROR]   ����:   ���� <T>builder()
[ERROR]   λ��: �� com.wzl.fitness.dto.response.PageResponse
[ERROR] /D:/AFitness/Fitness/src/main/java/com/wzl/fitness/dto/response/PageResponse.java:[88,28] �Ҳ�������
[ERROR]   ����:   ���� <T>builder()
[ERROR]   λ��: �� com.wzl.fitness.dto.response.PageResponse
[ERROR] /D:/AFitness/Fitness/src/main/java/com/wzl/fitness/dto/response/PageResponse.java:[105,28] �Ҳ�������
[ERROR]   ����:   ���� <T>builder()
[ERROR]   λ��: �� com.wzl.fitness.dto.response.PageResponse
[ERROR] /D:/AFitness/Fitness/src/main/java/com/wzl/fitness/service/AuditLogService.java:[34,21] �Ҳ�������
[ERROR]   ����:   ���� builder()
[ERROR]   λ��: �� com.wzl.fitness.entity.AuditLog
[ERROR] /D:/AFitness/Fitness/src/main/java/com/wzl/fitness/service/AuditLogService.java:[47,21] �Ҳ�������
[ERROR]   ����:   ���� builder()
[ERROR]   λ��: �� com.wzl.fitness.entity.AuditLog
[ERROR] /D:/AFitness/Fitness/src/main/java/com/wzl/fitness/service/AuditLogService.java:[60,21] �Ҳ�������
[ERROR]   ����:   ���� builder()
[ERROR]   λ��: �� com.wzl.fitness.entity.AuditLog
[ERROR] /D:/AFitness/Fitness/src/main/java/com/wzl/fitness/service/AuditLogService.java:[73,21] �Ҳ�������
[ERROR]   ����:   ���� builder()
[ERROR]   λ��: �� com.wzl.fitness.entity.AuditLog
[ERROR] /D:/AFitness/Fitness/src/main/java/com/wzl/fitness/service/AuditLogService.java:[86,21] �Ҳ�������
[ERROR]   ����:   ���� builder()
[ERROR]   λ��: �� com.wzl.fitness.entity.AuditLog
[ERROR] /D:/AFitness/Fitness/src/main/java/com/wzl/fitness/service/AuditLogService.java:[100,21] �Ҳ�������
[ERROR]   ����:   ���� builder()
[ERROR]   λ��: �� com.wzl.fitness.entity.AuditLog
[ERROR] /D:/AFitness/Fitness/src/main/java/com/wzl/fitness/service/AuditLogService.java:[113,21] �Ҳ�������
[ERROR]   ����:   ���� builder()
[ERROR]   λ��: �� com.wzl.fitness.entity.AuditLog
[ERROR] /D:/AFitness/Fitness/src/main/java/com/wzl/fitness/service/AuditLogService.java:[128,21] �Ҳ�������
[ERROR]   ����:   ���� builder()
[ERROR]   λ��: �� com.wzl.fitness.entity.AuditLog
[ERROR] /D:/AFitness/Fitness/src/main/java/com/wzl/fitness/service/AuditLogService.java:[143,21] �Ҳ�������
[ERROR]   ����:   ���� builder()
[ERROR]   λ��: �� com.wzl.fitness.entity.AuditLog
[ERROR] /D:/AFitness/Fitness/src/main/java/com/wzl/fitness/service/AuditLogService.java:[157,21] �Ҳ�������
[ERROR]   ����:   ���� builder()
[ERROR]   λ��: �� com.wzl.fitness.entity.AuditLog
[ERROR] /D:/AFitness/Fitness/src/main/java/com/wzl/fitness/service/AuditLogService.java:[173,21] �Ҳ�������
[ERROR]   ����:   ���� builder()
[ERROR]   λ��: �� com.wzl.fitness.entity.AuditLog
[ERROR] /D:/AFitness/Fitness/src/main/java/com/wzl/fitness/service/AuditLogService.java:[196,13] �Ҳ�������
[ERROR]   ����:   ���� log
[ERROR]   λ��: �� com.wzl.fitness.service.AuditLogService
[ERROR] /D:/AFitness/Fitness/src/main/java/com/wzl/fitness/service/AuditLogService.java:[197,25] �Ҳ�������
[ERROR]   ����:   ���� getAction()
[ERROR]   λ��: ����Ϊcom.wzl.fitness.entity.AuditLog�ı��� auditLog
[ERROR] /D:/AFitness/Fitness/src/main/java/com/wzl/fitness/service/AuditLogService.java:[197,47] �Ҳ�������
[ERROR]   ����:   ���� getUsername()
[ERROR]   λ��: ����Ϊcom.wzl.fitness.entity.AuditLog�ı��� auditLog
[ERROR] /D:/AFitness/Fitness/src/main/java/com/wzl/fitness/service/AuditLogService.java:[197,71] �Ҳ�������
[ERROR]   ����:   ���� getResult()
[ERROR]   λ��: ����Ϊcom.wzl.fitness.entity.AuditLog�ı��� auditLog
[ERROR] /D:/AFitness/Fitness/src/main/java/com/wzl/fitness/service/AuditLogService.java:[200,13] �Ҳ�������
[ERROR]   ����:   ���� log
[ERROR]   λ��: �� com.wzl.fitness.service.AuditLogService
[ERROR] /D:/AFitness/Fitness/src/main/java/com/wzl/fitness/service/AuditLogService.java:[213,25] �Ҳ�������
[ERROR]   ����:   ���� setIpAddress(java.lang.String)
[ERROR]   λ��: ����Ϊcom.wzl.fitness.entity.AuditLog�ı��� auditLog
[ERROR] /D:/AFitness/Fitness/src/main/java/com/wzl/fitness/service/AuditLogService.java:[214,25] �Ҳ�������
[ERROR]   ����:   ���� setUserAgent(java.lang.String)
[ERROR]   λ��: ����Ϊcom.wzl.fitness.entity.AuditLog�ı��� auditLog
[ERROR] /D:/AFitness/Fitness/src/main/java/com/wzl/fitness/service/AuditLogService.java:[215,25] �Ҳ�������
[ERROR]   ����:   ���� setRequestPath(java.lang.String)
[ERROR]   λ��: ����Ϊcom.wzl.fitness.entity.AuditLog�ı��� auditLog
[ERROR] /D:/AFitness/Fitness/src/main/java/com/wzl/fitness/service/AuditLogService.java:[216,25] �Ҳ�������
[ERROR]   ����:   ���� setRequestMethod(java.lang.String)
[ERROR]   λ��: ����Ϊcom.wzl.fitness.entity.AuditLog�ı��� auditLog
[ERROR] /D:/AFitness/Fitness/src/main/java/com/wzl/fitness/service/AuditLogService.java:[219,13] �Ҳ�������
[ERROR]   ����:   ���� log
[ERROR]   λ��: �� com.wzl.fitness.service.AuditLogService
[ERROR] /D:/AFitness/Fitness/src/main/java/com/wzl/fitness/service/impl/TrainingRecordServiceImpl.java:[38,15] �Ҳ�������
[ERROR]   ����:   ���� setDeleted(boolean)
[ERROR]   λ��: ����Ϊcom.wzl.fitness.entity.TrainingRecord�ı��� record
[ERROR] /D:/AFitness/Fitness/src/main/java/com/wzl/fitness/service/impl/TrainingRecordServiceImpl.java:[155,16] �޷����� com.wzl.fitness.dto.response.TrainingStatsResponse�еĹ����� TrainingStatsResponseӦ�õ���������;
[ERROR]   ��Ҫ: û�в���
[ERROR]   �ҵ�:    long,double,long
[ERROR]   ԭ��: ʵ�ʲ����б����ʽ�����б���Ȳ�ͬ
[ERROR] /D:/AFitness/Fitness/src/main/java/com/wzl/fitness/service/impl/UserNutritionGoalServiceImpl.java:[36,9] �Ҳ�������
[ERROR]   ����:   ���� log
[ERROR]   λ��: �� com.wzl.fitness.service.impl.UserNutritionGoalServiceImpl
[ERROR] /D:/AFitness/Fitness/src/main/java/com/wzl/fitness/service/impl/UserNutritionGoalServiceImpl.java:[39,42] �Ҳ�������
[ERROR]   ����:   ���� builder()
[ERROR]   λ��: �� com.wzl.fitness.entity.UserNutritionGoal
[ERROR] /D:/AFitness/Fitness/src/main/java/com/wzl/fitness/service/impl/UserNutritionGoalServiceImpl.java:[42,20] �Ҳ�������
[ERROR]   ����:   ���� getTrainingGoal()
[ERROR]   λ��: ����Ϊcom.wzl.fitness.dto.request.NutritionGoalRequest�ı��� request
[ERROR] /D:/AFitness/Fitness/src/main/java/com/wzl/fitness/service/impl/UserNutritionGoalServiceImpl.java:[43,41] �Ҳ�������
[ERROR]   ����:   ���� getTrainingGoal()
[ERROR]   λ��: ����Ϊcom.wzl.fitness.dto.request.NutritionGoalRequest�ı��� request
[ERROR] /D:/AFitness/Fitness/src/main/java/com/wzl/fitness/service/impl/UserNutritionGoalServiceImpl.java:[45,20] �Ҳ�������
[ERROR]   ����:   ���� getActivityLevel()
[ERROR]   λ��: ����Ϊcom.wzl.fitness.dto.request.NutritionGoalRequest�ı��� request
[ERROR] /D:/AFitness/Fitness/src/main/java/com/wzl/fitness/service/impl/UserNutritionGoalServiceImpl.java:[46,42] �Ҳ�������
[ERROR]   ����:   ���� getActivityLevel()
[ERROR]   λ��: ����Ϊcom.wzl.fitness.dto.request.NutritionGoalRequest�ı��� request
[ERROR] /D:/AFitness/Fitness/src/main/java/com/wzl/fitness/service/impl/UserNutritionGoalServiceImpl.java:[50,40] �Ҳ�������
[ERROR]   ����:   ���� getUseCustomTargets()
[ERROR]   λ��: ����Ϊcom.wzl.fitness.dto.request.NutritionGoalRequest�ı��� request
[ERROR] /D:/AFitness/Fitness/src/main/java/com/wzl/fitness/service/impl/UserNutritionGoalServiceImpl.java:[51,17] �Ҳ�������
[ERROR]   ����:   ���� setUseCustomTargets(boolean)
[ERROR]   λ��: ����Ϊcom.wzl.fitness.entity.UserNutritionGoal�ı��� goal
[ERROR] /D:/AFitness/Fitness/src/main/java/com/wzl/fitness/service/impl/UserNutritionGoalServiceImpl.java:[52,43] �Ҳ�������
[ERROR]   ����:   ���� getTargetCalories()
[ERROR]   λ��: ����Ϊcom.wzl.fitness.dto.request.NutritionGoalRequest�ı��� request
[ERROR] /D:/AFitness/Fitness/src/main/java/com/wzl/fitness/service/impl/UserNutritionGoalServiceImpl.java:[53,42] �Ҳ�������
[ERROR]   ����:   ���� getTargetProtein()
[ERROR]   λ��: ����Ϊcom.wzl.fitness.dto.request.NutritionGoalRequest�ı��� request
[ERROR] /D:/AFitness/Fitness/src/main/java/com/wzl/fitness/service/impl/UserNutritionGoalServiceImpl.java:[54,40] �Ҳ�������
[ERROR]   ����:   ���� getTargetCarbs()
[ERROR]   λ��: ����Ϊcom.wzl.fitness.dto.request.NutritionGoalRequest�ı��� request
[ERROR] /D:/AFitness/Fitness/src/main/java/com/wzl/fitness/service/impl/UserNutritionGoalServiceImpl.java:[55,38] �Ҳ�������
[ERROR]   ����:   ���� getTargetFat()
[ERROR]   λ��: ����Ϊcom.wzl.fitness.dto.request.NutritionGoalRequest�ı��� request
[ERROR] /D:/AFitness/Fitness/src/main/java/com/wzl/fitness/service/impl/UserNutritionGoalServiceImpl.java:[57,17] �Ҳ�������
[ERROR]   ����:   ���� setUseCustomTargets(boolean)
[ERROR]   λ��: ����Ϊcom.wzl.fitness.entity.UserNutritionGoal�ı��� goal
[ERROR] /D:/AFitness/Fitness/src/main/java/com/wzl/fitness/service/impl/UserNutritionGoalServiceImpl.java:[60,31] �Ҳ�������
[ERROR]   ����:   ���� getTrainingGoal()
[ERROR]   λ��: ����Ϊcom.wzl.fitness.entity.UserNutritionGoal�ı��� goal
[ERROR] /D:/AFitness/Fitness/src/main/java/com/wzl/fitness/service/impl/UserNutritionGoalServiceImpl.java:[60,55] �Ҳ�������
[ERROR]   ����:   ���� getActivityLevel()
[ERROR]   λ��: ����Ϊcom.wzl.fitness.entity.UserNutritionGoal�ı��� goal
[ERROR] /D:/AFitness/Fitness/src/main/java/com/wzl/fitness/service/impl/UserNutritionGoalServiceImpl.java:[61,50] �Ҳ�������
[ERROR]   ����:   ���� getRecommendedCalories()
[ERROR]   λ��: ����Ϊcom.wzl.fitness.dto.response.NutritionRecommendation�ı��� recommendation
[ERROR] /D:/AFitness/Fitness/src/main/java/com/wzl/fitness/service/impl/UserNutritionGoalServiceImpl.java:[62,49] �Ҳ�������
[ERROR]   ����:   ���� getRecommendedProtein()
[ERROR]   λ��: ����Ϊcom.wzl.fitness.dto.response.NutritionRecommendation�ı��� recommendation
[ERROR] /D:/AFitness/Fitness/src/main/java/com/wzl/fitness/service/impl/UserNutritionGoalServiceImpl.java:[63,47] �Ҳ�������
[ERROR]   ����:   ���� getRecommendedCarbs()
[ERROR]   λ��: ����Ϊcom.wzl.fitness.dto.response.NutritionRecommendation�ı��� recommendation
[ERROR] /D:/AFitness/Fitness/src/main/java/com/wzl/fitness/service/impl/UserNutritionGoalServiceImpl.java:[64,45] �Ҳ�������
[ERROR]   ����:   ���� getRecommendedFat()
[ERROR]   λ��: ����Ϊcom.wzl.fitness.dto.response.NutritionRecommendation�ı��� recommendation
[ERROR] /D:/AFitness/Fitness/src/main/java/com/wzl/fitness/service/impl/UserNutritionGoalServiceImpl.java:[76,41] �Ҳ�������
[ERROR]   ����:   ���� getUseCustomTargets()
[ERROR]   λ��: ����Ϊcom.wzl.fitness.entity.UserNutritionGoal�ı��� goal
[ERROR] /D:/AFitness/Fitness/src/main/java/com/wzl/fitness/service/impl/UserNutritionGoalServiceImpl.java:[78,47] �Ҳ�������
[ERROR]   ����:   ���� builder()
[ERROR]   λ��: �� com.wzl.fitness.dto.response.NutritionRecommendation
[ERROR] /D:/AFitness/Fitness/src/main/java/com/wzl/fitness/service/impl/UserNutritionGoalServiceImpl.java:[79,50] �Ҳ�������
[ERROR]   ����:   ���� getTargetCalories()
[ERROR]   λ��: ����Ϊcom.wzl.fitness.entity.UserNutritionGoal�ı��� goal
[ERROR] /D:/AFitness/Fitness/src/main/java/com/wzl/fitness/service/impl/UserNutritionGoalServiceImpl.java:[80,49] �Ҳ�������
[ERROR]   ����:   ���� getTargetProtein()
[ERROR]   λ��: ����Ϊcom.wzl.fitness.entity.UserNutritionGoal�ı��� goal
[ERROR] /D:/AFitness/Fitness/src/main/java/com/wzl/fitness/service/impl/UserNutritionGoalServiceImpl.java:[81,47] �Ҳ�������
[ERROR]   ����:   ���� getTargetCarbs()
[ERROR]   λ��: ����Ϊcom.wzl.fitness.entity.UserNutritionGoal�ı��� goal
[ERROR] /D:/AFitness/Fitness/src/main/java/com/wzl/fitness/service/impl/UserNutritionGoalServiceImpl.java:[82,45] �Ҳ�������
[ERROR]   ����:   ���� getTargetFat()
[ERROR]   λ��: ����Ϊcom.wzl.fitness.entity.UserNutritionGoal�ı��� goal
[ERROR] /D:/AFitness/Fitness/src/main/java/com/wzl/fitness/service/impl/UserNutritionGoalServiceImpl.java:[83,43] �Ҳ�������
[ERROR]   ����:   ���� getTrainingGoal()
[ERROR]   λ��: ����Ϊcom.wzl.fitness.entity.UserNutritionGoal�ı��� goal
[ERROR] /D:/AFitness/Fitness/src/main/java/com/wzl/fitness/service/impl/UserNutritionGoalServiceImpl.java:[84,44] �Ҳ�������
[ERROR]   ����:   ���� getActivityLevel()
[ERROR]   λ��: ����Ϊcom.wzl.fitness.entity.UserNutritionGoal�ı��� goal
[ERROR] /D:/AFitness/Fitness/src/main/java/com/wzl/fitness/service/impl/UserNutritionGoalServiceImpl.java:[90,35] �Ҳ�������
[ERROR]   ����:   ���� getTrainingGoal()
[ERROR]   λ��: ����Ϊcom.wzl.fitness.entity.UserNutritionGoal�ı��� goal
[ERROR] /D:/AFitness/Fitness/src/main/java/com/wzl/fitness/service/impl/UserNutritionGoalServiceImpl.java:[90,59] �Ҳ�������
[ERROR]   ����:   ���� getActivityLevel()
[ERROR]   λ��: ����Ϊcom.wzl.fitness.entity.UserNutritionGoal�ı��� goal
[ERROR] /D:/AFitness/Fitness/src/main/java/com/wzl/fitness/service/impl/UserNutritionGoalServiceImpl.java:[101,9] �Ҳ�������
[ERROR]   ����:   ���� log
[ERROR]   λ��: �� com.wzl.fitness.service.impl.UserNutritionGoalServiceImpl
[ERROR] /D:/AFitness/Fitness/src/main/java/com/wzl/fitness/controller/TrainingPlanController.java:[82,18] �Ҳ�������
[ERROR]   ����:   ���� getUser()
[ERROR]   λ��: ����Ϊcom.wzl.fitness.entity.TrainingPlan�ı��� plan
[ERROR] /D:/AFitness/Fitness/src/main/java/com/wzl/fitness/controller/TrainingPlanController.java:[110,26] �Ҳ�������
[ERROR]   ����:   ���� getUser()
[ERROR]   λ��: ����Ϊcom.wzl.fitness.entity.TrainingPlan�ı��� existingPlan
[ERROR] /D:/AFitness/Fitness/src/main/java/com/wzl/fitness/controller/TrainingPlanController.java:[153,18] �Ҳ�������
[ERROR]   ����:   ���� getUser()
[ERROR]   λ��: ����Ϊcom.wzl.fitness.entity.TrainingPlan�ı��� plan
[ERROR] /D:/AFitness/Fitness/src/main/java/com/wzl/fitness/controller/TrainingPlanController.java:[157,31] �Ҳ�������
[ERROR]   ����:   ���� getUser()
[ERROR]   λ��: ����Ϊcom.wzl.fitness.entity.TrainingPlan�ı��� plan
[ERROR] /D:/AFitness/Fitness/src/main/java/com/wzl/fitness/dto/response/ValidationErrorResponse.java:[62,39] �Ҳ�������
[ERROR]   ����:   ���� builder()
[ERROR]   λ��: �� com.wzl.fitness.dto.response.ValidationErrorResponse
[ERROR] /D:/AFitness/Fitness/src/main/java/com/wzl/fitness/dto/response/ValidationErrorResponse.java:[78,39] �Ҳ�������
[ERROR]   ����:   ���� builder()
[ERROR]   λ��: �� com.wzl.fitness.dto.response.ValidationErrorResponse
[ERROR] /D:/AFitness/Fitness/src/main/java/com/wzl/fitness/aspect/AuditAspect.java:[50,17] �Ҳ�������
[ERROR]   ����:   �� AuditLogBuilder
[ERROR]   λ��: �� com.wzl.fitness.entity.AuditLog
[ERROR] /D:/AFitness/Fitness/src/main/java/com/wzl/fitness/aspect/AuditAspect.java:[50,55] �Ҳ�������
[ERROR]   ����:   ���� builder()
[ERROR]   λ��: �� com.wzl.fitness.entity.AuditLog
[ERROR] /D:/AFitness/Fitness/src/main/java/com/wzl/fitness/aspect/AuditAspect.java:[93,13] �Ҳ�������
[ERROR]   ����:   ���� log
[ERROR]   λ��: �� com.wzl.fitness.aspect.AuditAspect
[ERROR] /D:/AFitness/Fitness/src/main/java/com/wzl/fitness/aspect/AuditAspect.java:[113,13] �Ҳ�������
[ERROR]   ����:   ���� log
[ERROR]   λ��: �� com.wzl.fitness.aspect.AuditAspect
[ERROR] /D:/AFitness/Fitness/src/main/java/com/wzl/fitness/service/impl/RecoveryAssessmentServiceImpl.java:[36,9] �Ҳ�������
[ERROR]   ����:   ���� log
[ERROR]   λ��: �� com.wzl.fitness.service.impl.RecoveryAssessmentServiceImpl
[ERROR] /D:/AFitness/Fitness/src/main/java/com/wzl/fitness/service/impl/RecoveryAssessmentServiceImpl.java:[38,39] �Ҳ�������
[ERROR]   ����:   ���� getRecordDate()
[ERROR]   λ��: ����Ϊcom.wzl.fitness.dto.request.RecoveryDataRequest�ı��� request
[ERROR] /D:/AFitness/Fitness/src/main/java/com/wzl/fitness/service/impl/RecoveryAssessmentServiceImpl.java:[38,73] �Ҳ�������
[ERROR]   ����:   ���� getRecordDate()
[ERROR]   λ��: ����Ϊcom.wzl.fitness.dto.request.RecoveryDataRequest�ı��� request
[ERROR] /D:/AFitness/Fitness/src/main/java/com/wzl/fitness/service/impl/RecoveryAssessmentServiceImpl.java:[44,43] �Ҳ�������
[ERROR]   ����:   ���� getSleepHours()
[ERROR]   λ��: ����Ϊcom.wzl.fitness.dto.request.RecoveryDataRequest�ı��� request
[ERROR] /D:/AFitness/Fitness/src/main/java/com/wzl/fitness/service/impl/RecoveryAssessmentServiceImpl.java:[45,45] �Ҳ�������
[ERROR]   ����:   ���� getSleepQuality()
[ERROR]   λ��: ����Ϊcom.wzl.fitness.dto.request.RecoveryDataRequest�ı��� request
[ERROR] /D:/AFitness/Fitness/src/main/java/com/wzl/fitness/service/impl/RecoveryAssessmentServiceImpl.java:[45,81] �Ҳ�������
[ERROR]   ����:   ���� getSleepQuality()
[ERROR]   λ��: ����Ϊcom.wzl.fitness.dto.request.RecoveryDataRequest�ı��� request
[ERROR] /D:/AFitness/Fitness/src/main/java/com/wzl/fitness/service/impl/RecoveryAssessmentServiceImpl.java:[46,47] �Ҳ�������
[ERROR]   ����:   ���� getMuscleSoreness()
[ERROR]   λ��: ����Ϊcom.wzl.fitness.dto.request.RecoveryDataRequest�ı��� request
[ERROR] /D:/AFitness/Fitness/src/main/java/com/wzl/fitness/service/impl/RecoveryAssessmentServiceImpl.java:[46,85] �Ҳ�������
[ERROR]   ����:   ���� getMuscleSoreness()
[ERROR]   λ��: ����Ϊcom.wzl.fitness.dto.request.RecoveryDataRequest�ı��� request
[ERROR] /D:/AFitness/Fitness/src/main/java/com/wzl/fitness/service/impl/RecoveryAssessmentServiceImpl.java:[47,44] �Ҳ�������
[ERROR]   ����:   ���� getStressLevel()
[ERROR]   λ��: ����Ϊcom.wzl.fitness.dto.request.RecoveryDataRequest�ı��� request
[ERROR] /D:/AFitness/Fitness/src/main/java/com/wzl/fitness/service/impl/RecoveryAssessmentServiceImpl.java:[47,79] �Ҳ�������
[ERROR]   ����:   ���� getStressLevel()
[ERROR]   λ��: ����Ϊcom.wzl.fitness.dto.request.RecoveryDataRequest�ı��� request
[ERROR] /D:/AFitness/Fitness/src/main/java/com/wzl/fitness/service/impl/RecoveryAssessmentServiceImpl.java:[48,53] �Ҳ�������
[ERROR]   ����:   ���� getHrv()
[ERROR]   λ��: ����Ϊcom.wzl.fitness.dto.request.RecoveryDataRequest�ı��� request
[ERROR] /D:/AFitness/Fitness/src/main/java/com/wzl/fitness/service/impl/RecoveryAssessmentServiceImpl.java:[48,80] �Ҳ�������
[ERROR]   ����:   ���� getHrv()
[ERROR]   λ��: ����Ϊcom.wzl.fitness.dto.request.RecoveryDataRequest�ı��� request
[ERROR] /D:/AFitness/Fitness/src/main/java/com/wzl/fitness/service/impl/RecoveryAssessmentServiceImpl.java:[49,49] �Ҳ�������
[ERROR]   ����:   ���� getRestingHeartRate()
[ERROR]   λ��: ����Ϊcom.wzl.fitness.dto.request.RecoveryDataRequest�ı��� request
[ERROR] /D:/AFitness/Fitness/src/main/java/com/wzl/fitness/service/impl/RecoveryAssessmentServiceImpl.java:[49,89] �Ҳ�������
[ERROR]   ����:   ���� getRestingHeartRate()
[ERROR]   λ��: ����Ϊcom.wzl.fitness.dto.request.RecoveryDataRequest�ı��� request
[ERROR] /D:/AFitness/Fitness/src/main/java/com/wzl/fitness/service/impl/RecoveryAssessmentServiceImpl.java:[50,38] �Ҳ�������
[ERROR]   ����:   ���� getNotes()
[ERROR]   λ��: ����Ϊcom.wzl.fitness.dto.request.RecoveryDataRequest�ı��� request
[ERROR] /D:/AFitness/Fitness/src/main/java/com/wzl/fitness/service/impl/RecoveryAssessmentServiceImpl.java:[72,38] �Ҳ�������
[ERROR]   ����:   ���� builder()
[ERROR]   λ��: �� com.wzl.fitness.dto.response.RecoveryAssessment
[ERROR] /D:/AFitness/Fitness/src/main/java/com/wzl/fitness/service/impl/RecoveryAssessmentServiceImpl.java:[83,58] �Ҳ�������
[ERROR]   ����:   ���� builder()
[ERROR]   λ��: �� com.wzl.fitness.dto.request.RecoveryDataRequest
[ERROR] /D:/AFitness/Fitness/src/main/java/com/wzl/fitness/service/impl/RecoveryAssessmentServiceImpl.java:[111,31] �Ҳ�������
[ERROR]   ����:   ���� getOverallScore()
[ERROR]   λ��: ����Ϊcom.wzl.fitness.dto.response.RecoveryAssessment�ı��� assessment
[ERROR] /D:/AFitness/Fitness/src/main/java/com/wzl/fitness/service/impl/RecoveryAssessmentServiceImpl.java:[136,23] �Ҳ�������
[ERROR]   ����:   ���� getMuscleSorenessScore()
[ERROR]   λ��: ����Ϊcom.wzl.fitness.dto.response.RecoveryAssessment�ı��� assessment
[ERROR] /D:/AFitness/Fitness/src/main/java/com/wzl/fitness/service/impl/RecoveryAssessmentServiceImpl.java:[136,70] �Ҳ�������
[ERROR]   ����:   ���� getMuscleSorenessScore()
[ERROR]   λ��: ����Ϊcom.wzl.fitness.dto.response.RecoveryAssessment�ı��� assessment
[ERROR] /D:/AFitness/Fitness/src/main/java/com/wzl/fitness/service/impl/RecoveryAssessmentServiceImpl.java:[148,23] �Ҳ�������
[ERROR]   ����:   ���� getSleepHours()
[ERROR]   λ��: ����Ϊcom.wzl.fitness.dto.response.RecoveryAssessment�ı��� assessment
[ERROR] /D:/AFitness/Fitness/src/main/java/com/wzl/fitness/service/impl/RecoveryAssessmentServiceImpl.java:[148,61] �Ҳ�������
[ERROR]   ����:   ���� getSleepHours()
[ERROR]   λ��: ����Ϊcom.wzl.fitness.dto.response.RecoveryAssessment�ı��� assessment
[ERROR] /D:/AFitness/Fitness/src/main/java/com/wzl/fitness/service/impl/RecoveryAssessmentServiceImpl.java:[151,23] �Ҳ�������
[ERROR]   ����:   ���� getSleepScore()
[ERROR]   λ��: ����Ϊcom.wzl.fitness.dto.response.RecoveryAssessment�ı��� assessment
[ERROR] /D:/AFitness/Fitness/src/main/java/com/wzl/fitness/service/impl/RecoveryAssessmentServiceImpl.java:[151,61] �Ҳ�������
[ERROR]   ����:   ���� getSleepScore()
[ERROR]   λ��: ����Ϊcom.wzl.fitness.dto.response.RecoveryAssessment�ı��� assessment
[ERROR] /D:/AFitness/Fitness/src/main/java/com/wzl/fitness/service/impl/RecoveryAssessmentServiceImpl.java:[156,23] �Ҳ�������
[ERROR]   ����:   ���� getStressScore()
[ERROR]   λ��: ����Ϊcom.wzl.fitness.dto.response.RecoveryAssessment�ı��� assessment
[ERROR] /D:/AFitness/Fitness/src/main/java/com/wzl/fitness/service/impl/RecoveryAssessmentServiceImpl.java:[156,62] �Ҳ�������
[ERROR]   ����:   ���� getStressScore()
[ERROR]   λ��: ����Ϊcom.wzl.fitness.dto.response.RecoveryAssessment�ı��� assessment
[ERROR] /D:/AFitness/Fitness/src/main/java/com/wzl/fitness/service/impl/RecoveryAssessmentServiceImpl.java:[161,23] �Ҳ�������
[ERROR]   ����:   ���� getMuscleSorenessScore()
[ERROR]   λ��: ����Ϊcom.wzl.fitness.dto.response.RecoveryAssessment�ı��� assessment
[ERROR] /D:/AFitness/Fitness/src/main/java/com/wzl/fitness/service/impl/RecoveryAssessmentServiceImpl.java:[161,70] �Ҳ�������
[ERROR]   ����:   ���� getMuscleSorenessScore()
[ERROR]   λ��: ����Ϊcom.wzl.fitness.dto.response.RecoveryAssessment�ı��� assessment
[ERROR] /D:/AFitness/Fitness/src/main/java/com/wzl/fitness/service/impl/RecoveryAssessmentServiceImpl.java:[171,23] �Ҳ�������
[ERROR]   ����:   ���� getHrv()
[ERROR]   λ��: ����Ϊcom.wzl.fitness.dto.response.RecoveryAssessment�ı��� assessment
[ERROR] /D:/AFitness/Fitness/src/main/java/com/wzl/fitness/service/impl/RecoveryAssessmentServiceImpl.java:[171,54] �Ҳ�������
[ERROR]   ����:   ���� getHrv()
[ERROR]   λ��: ����Ϊcom.wzl.fitness.dto.response.RecoveryAssessment�ı��� assessment
[ERROR] /D:/AFitness/Fitness/src/main/java/com/wzl/fitness/service/impl/RecoveryAssessmentServiceImpl.java:[183,20] �Ҳ�������
[ERROR]   ����:   ���� getSleepHours()
[ERROR]   λ��: ����Ϊcom.wzl.fitness.dto.request.RecoveryDataRequest�ı��� request
[ERROR] /D:/AFitness/Fitness/src/main/java/com/wzl/fitness/service/impl/RecoveryAssessmentServiceImpl.java:[184,24] �Ҳ�������
[ERROR]   ����:   ���� getSleepHours()
[ERROR]   λ��: ����Ϊcom.wzl.fitness.dto.request.RecoveryDataRequest�ı��� request
[ERROR] /D:/AFitness/Fitness/src/main/java/com/wzl/fitness/service/impl/RecoveryAssessmentServiceImpl.java:[185,29] �Ҳ�������
[ERROR]   ����:   ���� getSleepHours()
[ERROR]   λ��: ����Ϊcom.wzl.fitness.dto.request.RecoveryDataRequest�ı��� request
[ERROR] -> [Help 1]
[ERROR] 
[ERROR] To see the full stack trace of the errors, re-run Maven with the -e switch.
[ERROR] Re-run Maven using the -X switch to enable full debug logging.
[ERROR] 
[ERROR] For more information about the errors and possible solutions, please read the following articles:
[ERROR] [Help 1] http://cwiki.apache.org/confluence/display/MAVEN/MojoFailureException
