# Compilation Status - 2026-01-10

BUILD SUCCESS - No compilation errors

## Summary
- All 305 source files compiled successfully
- Exit Code: 0

## Warnings (non-blocking)
- Some deprecated API warnings for FitnessData entity (marked for removal)
- Field 'log' already exists warnings in some service classes (Lombok duplicate)
- javax.annotation.meta.When.MAYBE enum constant not found (JSR-305 annotation)

These warnings do not affect functionality and can be addressed in future cleanup.

---

# Deployment Test Results - 2026-01-10

## 1. JAR Package Build: ✅ SUCCESS
- File: target/fitness-0.0.1-SNAPSHOT.jar (~90MB)
- Command: mvn clean package -DskipTests

## 2. Frontend Build: ✅ SUCCESS
- User Frontend: Fitness/frontend/dist (76 files, PWA support)
- Admin Frontend: Fitness/admin/dist

## 3. H2 In-Memory Database Test: ✅ SUCCESS
- Config: application-h2.properties
- Command: java -jar target/fitness-0.0.1-SNAPSHOT.jar --spring.profiles.active=h2
- Database tables auto-created: SUCCESS
- Admin account initialized: SUCCESS (admin/Test123!)

## 4. API Test Results:
- /actuator/health: ✅ Status UP
- /api/v1/auth/login: ✅ Login successful, JWT returned
- /api/v1/auth/me: ✅ User info OK
- /api/v1/dashboard/metrics-overview: ✅ Dashboard data OK
- /api/v1/training/records: ✅ Training records OK
- /api/v1/nutrition/records/{date}: ✅ Nutrition records OK
- /api/v1/recovery/status: ✅ Recovery status OK

## 5. Security: ✅ WORKING
- JWT Authentication: Working
- Unauthorized access blocking: Working
- CORS configuration: Configured

## 6. Docker Deployment: ⚠️ NOT TESTED (Docker not installed)
- docker-compose.yml: Ready
- Dockerfile: Ready

## Conclusion
Project can be successfully deployed and run. All core features are functional.
